// Jest Snapshot v1, https://goo.gl/fbAQLP

exports[`Тестирование компонента Modal Открытие модального окна 1`] = `<div />`;
