// Jest Snapshot v1, https://goo.gl/fbAQLP

exports[`Component: LoadingScreen Тестирование компонента LoadingScreen 1`] = `
<div>
  <span
    class="loader"
    role="status"
  />
</div>
`;
