// Jest Snapshot v1, https://goo.gl/fbAQLP

exports[`Тестирование компонента BuyDialog render 1`] = `<div />`;
