// Jest Snapshot v1, https://goo.gl/fbAQLP

exports[`PageNumber component should render correctly 1`] = `
<div>
  <li
    class="pagination__item"
  >
    <button
      class="pagination__link"
    >
      3
    </button>
  </li>
</div>
`;
